[19-Mar-2025 15:16:59 UTC] Auto-number updated successfully
[19-Mar-2025 15:16:59 UTC] Generated IDNO: 210000056
[19-Mar-2025 15:16:59 UTC] Processing enrollment for: cenizamaki@gmail.com (Status: New)
[19-Mar-2025 15:16:59 UTC] Calculated age: 22
[19-Mar-2025 15:16:59 UTC] WARNING: Same file uploaded to multiple fields: tor and honor_dismissal
[19-Mar-2025 15:16:59 UTC] FileValidator initialized with PDF Parser and OCR capability
[19-Mar-2025 15:16:59 UTC] Starting content validation for file: f1088010-8845-4415-ac40-444c2b7b42f0.jpeg (size: 95787 bytes)
[19-Mar-2025 15:16:59 UTC] Using Tesseract OCR to extract text from image: f1088010-8845-4415-ac40-444c2b7b42f0.jpeg
[19-Mar-2025 15:16:59 UTC] Tesseract OCR version detected: is
[19-Mar-2025 15:16:59 UTC] Error in local image OCR: Error! The command "tesseract" was not found.

Make sure you have Tesseract OCR installed on your system:
https://github.com/tesseract-ocr/tesseract

The current $PATH is C:\WINDOWS\system32;C:\WINDOWS;C:\WINDOWS\System32\Wbem;C:\WINDOWS\System32\WindowsPowerShell\v1.0\;C:\WINDOWS\System32\OpenSSH\;C:\Program Files (x86)\NVIDIA Corporation\PhysX\Common;C:\Program Files\Git\cmd;C:\php-8.4.3;C:\WINDOWS\system32\config\systemprofile\AppData\Local\Microsoft\WindowsApps
[19-Mar-2025 15:16:59 UTC] Local OCR returned insufficient text, trying API backup
[19-Mar-2025 15:16:59 UTC] Analyzing content of image file: f1088010-8845-4415-ac40-444c2b7b42f0.jpeg
[19-Mar-2025 15:16:59 UTC] Skipping image analysis due to API_FALLBACK_MODE=true
[19-Mar-2025 15:16:59 UTC] ============ TEXT EXTRACTED FROM DOCUMENT ============
[19-Mar-2025 15:16:59 UTC] Document Type: Form 138 / Report Card
[19-Mar-2025 15:16:59 UTC] File Name: f1088010-8845-4415-ac40-444c2b7b42f0.jpeg
[19-Mar-2025 15:16:59 UTC] Extracted Text: 
[19-Mar-2025 15:16:59 UTC] Image document: f1088010-8845-4415-ac40-444c2b7b42f0
[19-Mar-2025 15:16:59 UTC] ====================================================
[19-Mar-2025 15:16:59 UTC] Verifying document content for type: form_138
[19-Mar-2025 15:16:59 UTC] Text to verify: Image document: f1088010-8845-4415-ac40-444c2b7b42f0
[19-Mar-2025 15:16:59 UTC] Document validation results - Type detected: NO, Content matches: 0/2
[19-Mar-2025 15:16:59 UTC] Document accepted due to API_FALLBACK_MODE despite failing validation
[19-Mar-2025 15:16:59 UTC] API payload size: 710 bytes
[19-Mar-2025 15:17:12 UTC] Document truthfulness verification result: GENUINE (Confidence: 0.85)
[19-Mar-2025 15:17:12 UTC] Document verification for form_138: GENUINE (Confidence: 0.85)
[19-Mar-2025 15:17:12 UTC] FileValidator initialized with PDF Parser and OCR capability
[19-Mar-2025 15:17:12 UTC] Starting content validation for file: 5014c7e5-3499-4025-ab71-d7d86ef6344d.jpeg (size: 28500 bytes)
[19-Mar-2025 15:17:12 UTC] Using Tesseract OCR to extract text from image: 5014c7e5-3499-4025-ab71-d7d86ef6344d.jpeg
[19-Mar-2025 15:17:12 UTC] Tesseract OCR version detected: is
[19-Mar-2025 15:17:12 UTC] Error in local image OCR: Error! The command "tesseract" was not found.

Make sure you have Tesseract OCR installed on your system:
https://github.com/tesseract-ocr/tesseract

The current $PATH is C:\WINDOWS\system32;C:\WINDOWS;C:\WINDOWS\System32\Wbem;C:\WINDOWS\System32\WindowsPowerShell\v1.0\;C:\WINDOWS\System32\OpenSSH\;C:\Program Files (x86)\NVIDIA Corporation\PhysX\Common;C:\Program Files\Git\cmd;C:\php-8.4.3;C:\WINDOWS\system32\config\systemprofile\AppData\Local\Microsoft\WindowsApps
[19-Mar-2025 15:17:12 UTC] Local OCR returned insufficient text, trying API backup
[19-Mar-2025 15:17:12 UTC] Analyzing content of image file: 5014c7e5-3499-4025-ab71-d7d86ef6344d.jpeg
[19-Mar-2025 15:17:12 UTC] Skipping image analysis due to API_FALLBACK_MODE=true
[19-Mar-2025 15:17:12 UTC] ============ TEXT EXTRACTED FROM DOCUMENT ============
[19-Mar-2025 15:17:12 UTC] Document Type: Certificate of Good Moral Character
[19-Mar-2025 15:17:12 UTC] File Name: 5014c7e5-3499-4025-ab71-d7d86ef6344d.jpeg
[19-Mar-2025 15:17:12 UTC] Extracted Text: 
[19-Mar-2025 15:17:12 UTC] Image document: 5014c7e5-3499-4025-ab71-d7d86ef6344d
[19-Mar-2025 15:17:12 UTC] ====================================================
[19-Mar-2025 15:17:12 UTC] Verifying document content for type: good_moral
[19-Mar-2025 15:17:12 UTC] Text to verify: Image document: 5014c7e5-3499-4025-ab71-d7d86ef6344d
[19-Mar-2025 15:17:12 UTC] Document validation results - Type detected: NO, Content matches: 0/2
[19-Mar-2025 15:17:12 UTC] Document accepted due to API_FALLBACK_MODE despite failing validation
[19-Mar-2025 15:17:12 UTC] API payload size: 722 bytes
[19-Mar-2025 15:17:23 UTC] Document truthfulness verification result: GENUINE (Confidence: 0.85)
[19-Mar-2025 15:17:23 UTC] Document verification for good_moral: GENUINE (Confidence: 0.85)
[19-Mar-2025 15:17:23 UTC] FileValidator initialized with PDF Parser and OCR capability
[19-Mar-2025 15:17:23 UTC] Starting content validation for file: 3e1a648b-68fa-46c5-ac2c-ce47b4606f9a.jpeg (size: 156345 bytes)
[19-Mar-2025 15:17:23 UTC] Using Tesseract OCR to extract text from image: 3e1a648b-68fa-46c5-ac2c-ce47b4606f9a.jpeg
[19-Mar-2025 15:17:23 UTC] Tesseract OCR version detected: is
[19-Mar-2025 15:17:23 UTC] Error in local image OCR: Error! The command "tesseract" was not found.

Make sure you have Tesseract OCR installed on your system:
https://github.com/tesseract-ocr/tesseract

The current $PATH is C:\WINDOWS\system32;C:\WINDOWS;C:\WINDOWS\System32\Wbem;C:\WINDOWS\System32\WindowsPowerShell\v1.0\;C:\WINDOWS\System32\OpenSSH\;C:\Program Files (x86)\NVIDIA Corporation\PhysX\Common;C:\Program Files\Git\cmd;C:\php-8.4.3;C:\WINDOWS\system32\config\systemprofile\AppData\Local\Microsoft\WindowsApps
[19-Mar-2025 15:17:23 UTC] Local OCR returned insufficient text, trying API backup
[19-Mar-2025 15:17:23 UTC] Analyzing content of image file: 3e1a648b-68fa-46c5-ac2c-ce47b4606f9a.jpeg
[19-Mar-2025 15:17:23 UTC] Skipping image analysis due to API_FALLBACK_MODE=true
[19-Mar-2025 15:17:23 UTC] ============ TEXT EXTRACTED FROM DOCUMENT ============
[19-Mar-2025 15:17:23 UTC] Document Type: PSA Birth Certificate
[19-Mar-2025 15:17:23 UTC] File Name: 3e1a648b-68fa-46c5-ac2c-ce47b4606f9a.jpeg
[19-Mar-2025 15:17:23 UTC] Extracted Text: 
[19-Mar-2025 15:17:23 UTC] Image document: 3e1a648b-68fa-46c5-ac2c-ce47b4606f9a
[19-Mar-2025 15:17:23 UTC] ====================================================
[19-Mar-2025 15:17:23 UTC] Verifying document content for type: psa_birthCert
[19-Mar-2025 15:17:23 UTC] Text to verify: Image document: 3e1a648b-68fa-46c5-ac2c-ce47b4606f9a
[19-Mar-2025 15:17:23 UTC] Document validation results - Type detected: NO, Content matches: 0/2
[19-Mar-2025 15:17:23 UTC] Document accepted due to API_FALLBACK_MODE despite failing validation
[19-Mar-2025 15:17:23 UTC] API payload size: 708 bytes
[19-Mar-2025 15:17:36 UTC] Document truthfulness verification result: GENUINE (Confidence: 0.85)
[19-Mar-2025 15:17:36 UTC] Document verification for psa_birthCert: GENUINE (Confidence: 0.85)
[19-Mar-2025 15:17:36 UTC] FileValidator initialized with PDF Parser and OCR capability
[19-Mar-2025 15:17:36 UTC] Starting content validation for file: Untitled design.jpg (size: 31194 bytes)
[19-Mar-2025 15:17:36 UTC] Using Tesseract OCR to extract text from image: Untitled design.jpg
[19-Mar-2025 15:17:36 UTC] Tesseract OCR version detected: is
[19-Mar-2025 15:17:36 UTC] Error in local image OCR: Error! The command "tesseract" was not found.

Make sure you have Tesseract OCR installed on your system:
https://github.com/tesseract-ocr/tesseract

The current $PATH is C:\WINDOWS\system32;C:\WINDOWS;C:\WINDOWS\System32\Wbem;C:\WINDOWS\System32\WindowsPowerShell\v1.0\;C:\WINDOWS\System32\OpenSSH\;C:\Program Files (x86)\NVIDIA Corporation\PhysX\Common;C:\Program Files\Git\cmd;C:\php-8.4.3;C:\WINDOWS\system32\config\systemprofile\AppData\Local\Microsoft\WindowsApps
[19-Mar-2025 15:17:36 UTC] Local OCR returned insufficient text, trying API backup
[19-Mar-2025 15:17:36 UTC] Analyzing content of image file: Untitled design.jpg
[19-Mar-2025 15:17:36 UTC] Skipping image analysis due to API_FALLBACK_MODE=true
[19-Mar-2025 15:17:36 UTC] ============ TEXT EXTRACTED FROM DOCUMENT ============
[19-Mar-2025 15:17:36 UTC] Document Type: ID Photo
[19-Mar-2025 15:17:36 UTC] File Name: Untitled design.jpg
[19-Mar-2025 15:17:36 UTC] Extracted Text: 
[19-Mar-2025 15:17:36 UTC] Image document: Untitled design
[19-Mar-2025 15:17:36 UTC] ====================================================
[19-Mar-2025 15:17:36 UTC] Verifying document content for type: id_pic
[19-Mar-2025 15:17:36 UTC] Text to verify: Image document: Untitled design
[19-Mar-2025 15:17:36 UTC] Document validation results - Type detected: NO, Content matches: 0/2
[19-Mar-2025 15:17:36 UTC] Document accepted due to API_FALLBACK_MODE despite failing validation
[19-Mar-2025 15:17:36 UTC] API payload size: 674 bytes
[19-Mar-2025 15:17:52 UTC] Document truthfulness verification result: GENUINE (Confidence: 0.9)
[19-Mar-2025 15:17:52 UTC] Document verification for id_pic: GENUINE (Confidence: 0.9)
[19-Mar-2025 15:17:52 UTC] FileValidator initialized with PDF Parser and OCR capability
[19-Mar-2025 15:17:52 UTC] Starting content validation for file: e7d0ea32-36cb-47d4-bd8e-aaf68067d844.jpeg (size: 88958 bytes)
[19-Mar-2025 15:17:52 UTC] Using Tesseract OCR to extract text from image: e7d0ea32-36cb-47d4-bd8e-aaf68067d844.jpeg
[19-Mar-2025 15:17:52 UTC] Tesseract OCR version detected: is
[19-Mar-2025 15:17:52 UTC] Error in local image OCR: Error! The command "tesseract" was not found.

Make sure you have Tesseract OCR installed on your system:
https://github.com/tesseract-ocr/tesseract

The current $PATH is C:\WINDOWS\system32;C:\WINDOWS;C:\WINDOWS\System32\Wbem;C:\WINDOWS\System32\WindowsPowerShell\v1.0\;C:\WINDOWS\System32\OpenSSH\;C:\Program Files (x86)\NVIDIA Corporation\PhysX\Common;C:\Program Files\Git\cmd;C:\php-8.4.3;C:\WINDOWS\system32\config\systemprofile\AppData\Local\Microsoft\WindowsApps
[19-Mar-2025 15:17:52 UTC] Local OCR returned insufficient text, trying API backup
[19-Mar-2025 15:17:52 UTC] Analyzing content of image file: e7d0ea32-36cb-47d4-bd8e-aaf68067d844.jpeg
[19-Mar-2025 15:17:52 UTC] Skipping image analysis due to API_FALLBACK_MODE=true
[19-Mar-2025 15:17:52 UTC] ============ TEXT EXTRACTED FROM DOCUMENT ============
[19-Mar-2025 15:17:52 UTC] Document Type: Barangay Clearance
[19-Mar-2025 15:17:52 UTC] File Name: e7d0ea32-36cb-47d4-bd8e-aaf68067d844.jpeg
[19-Mar-2025 15:17:52 UTC] Extracted Text: 
[19-Mar-2025 15:17:52 UTC] Image document: e7d0ea32-36cb-47d4-bd8e-aaf68067d844
[19-Mar-2025 15:17:52 UTC] ====================================================
[19-Mar-2025 15:17:52 UTC] Verifying document content for type: Brgy_clearance
[19-Mar-2025 15:17:52 UTC] Text to verify: Image document: e7d0ea32-36cb-47d4-bd8e-aaf68067d844
[19-Mar-2025 15:17:52 UTC] Document validation results - Type detected: NO, Content matches: 0/2
[19-Mar-2025 15:17:52 UTC] Document accepted due to API_FALLBACK_MODE despite failing validation
[19-Mar-2025 15:17:52 UTC] API payload size: 705 bytes
[19-Mar-2025 15:18:04 UTC] Document truthfulness verification result: GENUINE (Confidence: 0.85)
[19-Mar-2025 15:18:04 UTC] Document verification for Brgy_clearance: GENUINE (Confidence: 0.85)
[19-Mar-2025 15:18:04 UTC] FileValidator initialized with PDF Parser and OCR capability
[19-Mar-2025 15:18:04 UTC] Starting content validation for file: 4f265311-6641-46f2-b7c6-b7552fec17e3.jpeg (size: 107742 bytes)
[19-Mar-2025 15:18:04 UTC] Using Tesseract OCR to extract text from image: 4f265311-6641-46f2-b7c6-b7552fec17e3.jpeg
[19-Mar-2025 15:18:04 UTC] Tesseract OCR version detected: is
[19-Mar-2025 15:18:04 UTC] Error in local image OCR: Error! The command "tesseract" was not found.

Make sure you have Tesseract OCR installed on your system:
https://github.com/tesseract-ocr/tesseract

The current $PATH is C:\WINDOWS\system32;C:\WINDOWS;C:\WINDOWS\System32\Wbem;C:\WINDOWS\System32\WindowsPowerShell\v1.0\;C:\WINDOWS\System32\OpenSSH\;C:\Program Files (x86)\NVIDIA Corporation\PhysX\Common;C:\Program Files\Git\cmd;C:\php-8.4.3;C:\WINDOWS\system32\config\systemprofile\AppData\Local\Microsoft\WindowsApps
[19-Mar-2025 15:18:04 UTC] Local OCR returned insufficient text, trying API backup
[19-Mar-2025 15:18:04 UTC] Analyzing content of image file: 4f265311-6641-46f2-b7c6-b7552fec17e3.jpeg
[19-Mar-2025 15:18:04 UTC] Skipping image analysis due to API_FALLBACK_MODE=true
[19-Mar-2025 15:18:04 UTC] ============ TEXT EXTRACTED FROM DOCUMENT ============
[19-Mar-2025 15:18:04 UTC] Document Type: Transcript of Records
[19-Mar-2025 15:18:04 UTC] File Name: 4f265311-6641-46f2-b7c6-b7552fec17e3.jpeg
[19-Mar-2025 15:18:04 UTC] Extracted Text: 
[19-Mar-2025 15:18:04 UTC] Image document: 4f265311-6641-46f2-b7c6-b7552fec17e3
[19-Mar-2025 15:18:04 UTC] ====================================================
[19-Mar-2025 15:18:04 UTC] Verifying document content for type: tor
[19-Mar-2025 15:18:04 UTC] Text to verify: Image document: 4f265311-6641-46f2-b7c6-b7552fec17e3
[19-Mar-2025 15:18:04 UTC] Document validation results - Type detected: NO, Content matches: 0/2
[19-Mar-2025 15:18:04 UTC] Document accepted due to API_FALLBACK_MODE despite failing validation
[19-Mar-2025 15:18:04 UTC] API payload size: 708 bytes
[19-Mar-2025 15:18:18 UTC] Document truthfulness verification result: GENUINE (Confidence: 0.85)
[19-Mar-2025 15:18:18 UTC] Document verification for tor: GENUINE (Confidence: 0.85)
[19-Mar-2025 15:18:18 UTC] Document verification result: PASSED (6/7 verified, 86%, Critical docs verified: YES)
[19-Mar-2025 15:18:18 UTC] Overall document verification status: PASSED
[19-Mar-2025 15:18:18 UTC] Generated username: ligosardinescagsawa
[19-Mar-2025 15:18:18 UTC] Raw password generated: iP0(t9+mUF61
[19-Mar-2025 15:18:18 UTC] Password length: 12
[19-Mar-2025 15:18:18 UTC] Password character codes: 105,80,48,40,116,57,43,109,85,70,54,49
[19-Mar-2025 15:18:18 UTC] Generated secure password length: 12 characters
[19-Mar-2025 15:18:18 UTC] Generated secure password: [REDACTED FOR SECURITY]
[19-Mar-2025 15:18:18 UTC] Student details - Name: Ligo sardines A Cagsawa, Course: 18, Semester: 1
[19-Mar-2025 15:18:19 UTC] Parameter count check: SQL has 29 placeholders, binding 29 parameters
[19-Mar-2025 15:18:19 UTC] PASSED_VER value: 1 (type: integer)
[19-Mar-2025 15:18:19 UTC] Type string length: 29, content: ssssssisssssssssssisssssssssi
[19-Mar-2025 15:18:19 UTC] Inserting student account for ID: 210000056
[19-Mar-2025 15:18:19 UTC] Student account creation result: Success
[19-Mar-2025 15:18:19 UTC] Inserting guardian details for ID: 210000056
[19-Mar-2025 15:18:19 UTC] Guardian details insertion: Success
[19-Mar-2025 15:18:19 UTC] Attempting to send email to: cenizamaki@gmail.com
[19-Mar-2025 15:18:22 UTC] Email successfully sent to: cenizamaki@gmail.com
[19-Mar-2025 15:20:37 UTC] Auto-number updated successfully
[19-Mar-2025 15:20:37 UTC] Generated IDNO: 210000057
[19-Mar-2025 15:20:37 UTC] Processing enrollment for: cenizamaki@gmail.com (Status: New)
[19-Mar-2025 15:20:37 UTC] Calculated age: 22
[19-Mar-2025 15:20:37 UTC] FileValidator initialized with PDF Parser and OCR capability
[19-Mar-2025 15:20:37 UTC] Starting content validation for file: f1088010-8845-4415-ac40-444c2b7b42f0.jpeg (size: 95787 bytes)
[19-Mar-2025 15:20:37 UTC] Using Tesseract OCR to extract text from image: f1088010-8845-4415-ac40-444c2b7b42f0.jpeg
[19-Mar-2025 15:20:37 UTC] Tesseract OCR version detected: is
[19-Mar-2025 15:20:38 UTC] Error in local image OCR: Error! The command "tesseract" was not found.

Make sure you have Tesseract OCR installed on your system:
https://github.com/tesseract-ocr/tesseract

The current $PATH is C:\WINDOWS\system32;C:\WINDOWS;C:\WINDOWS\System32\Wbem;C:\WINDOWS\System32\WindowsPowerShell\v1.0\;C:\WINDOWS\System32\OpenSSH\;C:\Program Files (x86)\NVIDIA Corporation\PhysX\Common;C:\Program Files\Git\cmd;C:\php-8.4.3;C:\WINDOWS\system32\config\systemprofile\AppData\Local\Microsoft\WindowsApps
[19-Mar-2025 15:20:38 UTC] Local OCR returned insufficient text, trying API backup
[19-Mar-2025 15:20:38 UTC] Analyzing content of image file: f1088010-8845-4415-ac40-444c2b7b42f0.jpeg
[19-Mar-2025 15:20:38 UTC] Skipping image analysis due to API_FALLBACK_MODE=true
[19-Mar-2025 15:20:38 UTC] ============ TEXT EXTRACTED FROM DOCUMENT ============
[19-Mar-2025 15:20:38 UTC] Document Type: Form 138 / Report Card
[19-Mar-2025 15:20:38 UTC] File Name: f1088010-8845-4415-ac40-444c2b7b42f0.jpeg
[19-Mar-2025 15:20:38 UTC] Extracted Text: 
[19-Mar-2025 15:20:38 UTC] Image document: f1088010-8845-4415-ac40-444c2b7b42f0
[19-Mar-2025 15:20:38 UTC] ====================================================
[19-Mar-2025 15:20:38 UTC] Verifying document content for type: form_138
[19-Mar-2025 15:20:38 UTC] Text to verify: Image document: f1088010-8845-4415-ac40-444c2b7b42f0
[19-Mar-2025 15:20:38 UTC] Document validation results - Type detected: NO, Content matches: 0/2
[19-Mar-2025 15:20:38 UTC] Document accepted due to API_FALLBACK_MODE despite failing validation
[19-Mar-2025 15:20:38 UTC] API payload size: 710 bytes
[19-Mar-2025 15:20:55 UTC] Document truthfulness verification result: GENUINE (Confidence: 0.85)
[19-Mar-2025 15:20:55 UTC] Document verification for form_138: GENUINE (Confidence: 0.85)
[19-Mar-2025 15:20:55 UTC] Document verification result: FAILED (1/7 verified, 14%, Critical docs verified: NO)
[19-Mar-2025 15:20:55 UTC] Overall document verification status: FAILED
[19-Mar-2025 15:20:55 UTC] Generated username: kratoscagsawa
[19-Mar-2025 15:20:55 UTC] Raw password generated: m257aJl_yGmj
[19-Mar-2025 15:20:55 UTC] Password length: 12
[19-Mar-2025 15:20:55 UTC] Password character codes: 109,50,53,55,97,74,108,95,121,71,109,106
[19-Mar-2025 15:20:55 UTC] Generated secure password length: 12 characters
[19-Mar-2025 15:20:55 UTC] Generated secure password: [REDACTED FOR SECURITY]
[19-Mar-2025 15:20:55 UTC] Student details - Name: kratos A Cagsawa, Course: 17, Semester: 1
[19-Mar-2025 15:20:55 UTC] Parameter count check: SQL has 29 placeholders, binding 29 parameters
[19-Mar-2025 15:20:55 UTC] PASSED_VER value: 0 (type: integer)
[19-Mar-2025 15:20:55 UTC] Type string length: 29, content: ssssssisssssssssssisssssssssi
[19-Mar-2025 15:20:55 UTC] Inserting student account for ID: 210000057
[19-Mar-2025 15:20:55 UTC] Student account creation result: Success
[19-Mar-2025 15:20:55 UTC] Inserting guardian details for ID: 210000057
[19-Mar-2025 15:20:55 UTC] Guardian details insertion: Success
[19-Mar-2025 15:20:55 UTC] Attempting to send email to: cenizamaki@gmail.com
[19-Mar-2025 15:20:59 UTC] Email successfully sent to: cenizamaki@gmail.com
